10-23 15:46:09.061   696   784 D AwareLog: iawared: WorkingsetStart com.android.todolist in monitor0
10-23 15:46:09.065  1280  1395 V WindowManager: addWindow: Window{e57665b u0 Splash Screen com.android.todolist}
10-23 15:46:09.070  1280  5713 V ActivityManager: startProcess: name=com.android.todolist app=ProcessRecord{862b53f 0:com.android.todolist/u0a244} knownToBeDead=true thread=null pid=0
10-23 15:46:09.076  1280 27626 D HiTouch_PressGestureDetector: onAttached, package=com.android.todolist, windowType=3, mHiTouchRestricted=false
10-23 15:46:09.125  1280  1304 I ActivityManager: Start proc 27627:com.android.todolist/u0a244 for activity com.android.todolist/.MainActivity
10-23 15:46:09.133   696   784 D AwareLog: iawared: WorkingsetProcessCommand subCmd = 350, userId=10244, pid=27627, com.android.todolist
10-23 15:46:09.156   696   784 D AwareLog: iawared: WorkingsetStart com.android.todolist in monitor0
10-23 15:46:09.281  1280  5713 W HwActivityManagerServiceEx: appSwitch from: com.huawei.android.launcher to: com.android.todolist
10-23 15:46:09.283  1767  9119 D AssistantService-1000102: registerHwActivityNotifier call fromPackage:com.huawei.android.launcher, toPackage:com.android.todolist
10-23 15:46:09.285  1767  6353 D AssistantService-1000102: handleMessage app switch fromPackage:com.huawei.android.launcher, toPackage:com.android.todolist
10-23 15:46:09.287  1280  1313 D HwGameAssistantController: UPDATE: mCurFgPkg=com.android.todolist, mCurFgPid=27627, mCurIsGame=false
10-23 15:46:09.288  1820  1990 D ScenarioService: front pkg : com.android.todolist launcher: false
10-23 15:46:09.288  1820  1990 D ScenarioService: new above launcher front pkgs: [com.android.todolist]
10-23 15:46:09.288  1820  1990 I AppManager: handleAppFrontEvent: com.android.todolist
10-23 15:46:09.288  1820  1990 I AppsUsage: scnOff:false FgAPP:com.android.todolist BgAPP:com.huawei.android.launcher
10-23 15:46:09.292  1280  1302 D HiDATA_ContentAware: mForegroundAppPackageName: com.android.todolist ,score: 0
10-23 15:46:09.292  1280  1302 D HiDATA  : APP type: -1 appName= com.android.todolist
10-23 15:46:09.293  1280  1302 D HiDATA  : no game, APP_TYPE_GAME, appName =com.android.todolist
10-23 15:46:09.294  1280  1395 V WindowManager: Check opening app=AppWindowToken{ad68c6b token=Token{95645ba ActivityRecord{cece6e5 u0 com.android.todolist/.MainActivity t21628}}}: allDrawn=false startingDisplayed=true startingMoved=false isRelaunching()=false startingWindow=Window{e57665b u0 Splash Screen com.android.todolist}
10-23 15:46:09.299  1767  6353 D AssistantService-1000102: package:com.android.todolist inAppAssistant:false
10-23 15:46:09.314   676   727 D iTouchService: itouch currentPackageName=com.android.todolist
10-23 15:46:09.314   676   727 D iTouchService: itouch:app com.android.todolist is  not game app
10-23 15:46:09.334  1767  2118 D Hicom_EmcomManagerService: forePackage name is com.android.todolist
10-23 15:46:09.334  1767  2118 D XEngineProcessor: onForegroundAppChanged, pkgName:com.android.todolist
10-23 15:46:09.334  1767  2118 D Hicom_SysEnvMonitor: onForegroundAppChanged, pkgName: com.android.todolist
10-23 15:46:09.334  1767  2118 D XEngineMpipControl: onForegroundAppChanged, pkgName:com.android.todolist
10-23 15:46:09.346  1820  2348 I PGServer: report state:10000 event type:1 pid:0 uid:0 pkg:com.android.todolist to pid: 1280
10-23 15:46:09.346  1820  2348 I PGServer: report state:10000 event type:1 pid:0 uid:0 pkg:com.android.todolist to pid: 1820
10-23 15:46:09.354  1280  1302 I StatusBarDisable: setFlags what=0 which=1 pkg=Window{e57665b u0 Splash Screen com.android.todolist}
10-23 15:46:09.379  1820  2348 I SceneReceiver: state type: 10000 eventType:1 pid:0 uid:0 pkg:com.android.todolist
10-23 15:46:09.379  1820  2908 D HwThermalStateManager: current foreapp pkg : com.android.todolist
10-23 15:46:09.474 27627 27643 I HwApiCacheMangerEx: apicache path=/storage/emulated/0 state=mounted key=com.android.todolist#10244#256
10-23 15:46:09.476 27627 27643 I HwApiCacheMangerEx: apicache path=/storage/emulated/0 state=mounted key=com.android.todolist#10244#0
10-23 15:46:09.493  1280  1302 I StatusBarDisable: setFlags what=0 which=1 pkg=Window{e57665b u0 Splash Screen com.android.todolist}
10-23 15:46:09.837 27627 27627 I ndroid.todolis: QarthPatchMonintor::CheckAndWatchPatch: /data/hotpatch/fwkhotpatch/com.android.todolist
10-23 15:46:09.846 27627 27643 I AwareBitmapCacher: init processName:com.android.todolist pid=27627 uid=10244
10-23 15:46:09.902 27627 27627 V ActivityThread: Skipping new config:{0.85 250mcc99mnc [ru_RU,en_RU] ldltr sw360dp w360dp h653dp 480dpi nrml long port finger -keyb/v/h -nav/h winConfig={ mBounds=Rect(0, 0 - 0, 0) mAppBounds=Rect(0, 0 - 1080, 2032) mWindowingMode=fullscreen mActivityType=undefined} nonFullScreen=0 suim:4 s.8}, config:{0.85 250mcc99mnc [ru_RU,en_RU] ldltr sw360dp w360dp h653dp 480dpi nrml long port finger -keyb/v/h -nav/h winConfig={ mBounds=Rect(0, 0 - 0, 0) mAppBounds=Rect(0, 0 - 1080, 2032) mWindowingMode=fullscreen mActivityType=undefined} nonFullScreen=0 suim:4 s.8} for app:com.android.todolist
10-23 15:46:10.117 27627 27627 D HwSplineOverScrollerExImpl: initSplineOverScrollerImpl paras: android.widget.OverScroller$SplineOverScroller@eb2cc3,com.android.todolist.MainActivity@e24bf2f
10-23 15:46:10.120 27627 27627 D HwSplineOverScrollerExImpl: initSplineOverScrollerImpl paras: android.widget.OverScroller$SplineOverScroller@7c9d21f,com.android.todolist.MainActivity@e24bf2f
10-23 15:46:10.121 27627 27627 D HwSplineOverScrollerExImpl: initSplineOverScrollerImpl paras: android.widget.OverScroller$SplineOverScroller@3a7eb35,com.android.todolist.MainActivity@e24bf2f
10-23 15:46:10.122 27627 27627 D HwSplineOverScrollerExImpl: initSplineOverScrollerImpl paras: android.widget.OverScroller$SplineOverScroller@8c3713b,com.android.todolist.MainActivity@e24bf2f
10-23 15:46:10.242 27627 27627 D HwSplineOverScrollerExImpl: initSplineOverScrollerImpl paras: android.widget.OverScroller$SplineOverScroller@3674bed,com.android.todolist.MainActivity@e24bf2f
10-23 15:46:10.243 27627 27627 D HwSplineOverScrollerExImpl: initSplineOverScrollerImpl paras: android.widget.OverScroller$SplineOverScroller@c79b9e9,com.android.todolist.MainActivity@e24bf2f
10-23 15:46:10.333 27627 27627 D HwSplineOverScrollerExImpl: initSplineOverScrollerImpl paras: android.widget.OverScroller$SplineOverScroller@b2be8db,com.android.todolist.MainActivity@e24bf2f
10-23 15:46:10.335 27627 27627 D HwSplineOverScrollerExImpl: initSplineOverScrollerImpl paras: android.widget.OverScroller$SplineOverScroller@bf637b7,com.android.todolist.MainActivity@e24bf2f
10-23 15:46:10.482 27627 27627 D ActivityThread: add activity client record, r= ActivityRecord{70b2166 token=android.os.BinderProxy@593b2c2 {com.android.todolist/com.android.todolist.MainActivity}} token= android.os.BinderProxy@593b2c2
10-23 15:46:10.511 27627 27627 D HwAppInnerBoostImpl: set config for com.android.todolist BOOST_FLAG=false REPORT_DURATION_CLICK=1000 REPORT_TIMES_CLICK=3 REPORT_DURATION_SLIDE=5000 REPORT_TIMES_SLIDE=16
10-23 15:46:10.531  1280  6494 V WindowManager: addWindow: Window{443923c u0 com.android.todolist/com.android.todolist.MainActivity}
10-23 15:46:10.535  3756  3771 I AppLifeChangeSensor:  CAWARENESS: activityResumed componentName = ComponentInfo{com.android.todolist/com.android.todolist.MainActivity}
10-23 15:46:10.535  1280  1512 D HiDATA_HiStream: activityResumed:pid=27627, uid=10244, component=ComponentInfo{com.android.todolist/com.android.todolist.MainActivity}
10-23 15:46:10.535  1280  1512 D HiData_HwAPPQoEResourceMangerImpl: checkIsMonitorVideoScence input :com.android.todolist,com.android.todolist.MainActivity
10-23 15:46:10.536  1280  1442 D HiData_HwAPPQoEResourceMangerImpl: checkIsMonitorHiCureAppScence input :com.android.todolist
10-23 15:46:10.537  1767  8888 D DollieActivityManagerAdapter: [Resumed] pid:27627 uid:10244 ComponentInfo{com.android.todolist/com.android.todolist.MainActivity}
10-23 15:46:10.538  1280  4516 D HiData_HwAPPQoEActivityMonitor: handleActivityChange,  curPackage:com.android.todolist, curClass:com.android.todolist.MainActivity
10-23 15:46:10.538  1280  4516 D HiData_HwAPPQoEResourceMangerImpl: checkIsMonitorAPKScence input :com.android.todolist,com.android.todolist.MainActivity
10-23 15:46:10.538  1280  4516 D HiData_HwAPPQoEResourceMangerImpl: checkIsMonitorAPKScence input :com.android.todolist,null
10-23 15:46:10.538  1280  4516 D HiData_HwAPPQoEResourceMangerImpl: checkIsMonitorGameScence input :com.android.todolist
10-23 15:46:10.538  1280  4516 D HiData_HwAPPQoEResourceMangerImpl: checkIsMonitorGameScence input :com.android.todolist
10-23 15:46:10.539  1767  8888 I HidataAppQoeP: foregroundUidAdd uid: 10244 name: com.android.todolist activity state: true
10-23 15:46:10.540  1767  8888 E DollieAdapterService: notifyActivityState pkg:com.android.todolist/com.android.todolist.MainActivity state:2 fg:true mUid:10244
10-23 15:46:10.556 27627 27658 D HiTouch_PressGestureDetector: onAttached, package=com.android.todolist, windowType=1, mHiTouchRestricted=false
10-23 15:46:10.612  1280  1302 I StatusBarDisable: setFlags what=0 which=1 pkg=Window{e57665b u0 Splash Screen com.android.todolist}
10-23 15:46:10.617  1280  6494 V HwPhoneWindowManager: updateSystemUiColorLw window=Window{443923c u0 com.android.todolist/com.android.todolist.MainActivity},EmuiStyle=0,StatusBarColor=0xff00574b,NavigationBarColor=0xff000000, mForceNotchStatusBar=false
10-23 15:46:10.618  1280  1302 I StatusBarDisable: setFlags what=0 which=1 pkg=Window{443923c u0 com.android.todolist/com.android.todolist.MainActivity}
10-23 15:46:10.656 27627 27657 I iGraphics: [0020080c] pn: com.android.todolist, p: 27627
10-23 15:46:10.656 27627 27657 I iGraphics: [0030080c] no spt app: com.android.todolist
10-23 15:46:10.873  1280  1302 I StatusBarDisable: setFlags what=0 which=1 pkg=Window{443923c u0 com.android.todolist/com.android.todolist.MainActivity}
10-23 15:46:10.873  1280  1395 V WindowManager_visibility: updateAllDrawn Add AppWindowToken{ad68c6b token=Token{95645ba ActivityRecord{cece6e5 u0 com.android.todolist/.MainActivity t21628}}}
10-23 15:46:10.874  1280  1395 V WindowManager_visibility: updateAllDrawn allDrawn=false interesting=1 drawn=1 relaunchCount=0 for AppWindowToken{ad68c6b token=Token{95645ba ActivityRecord{cece6e5 u0 com.android.todolist/.MainActivity t21628}}}
10-23 15:46:10.879  1280  1302 I StatusBarDisable: setFlags what=0 which=1 pkg=Window{443923c u0 com.android.todolist/com.android.todolist.MainActivity}
10-23 15:46:10.883  1280  1395 V WindowManager: removeIfPossible: Window{e57665b u0 Splash Screen com.android.todolist}
10-23 15:46:10.897  1280  1395 V WindowManager: Not removing Window{e57665b u0 Splash Screen com.android.todolist EXITING} due to exit animation 
10-23 15:46:10.900  1280  1302 I StatusBarDisable: setFlags what=0 which=1 pkg=Window{443923c u0 com.android.todolist/com.android.todolist.MainActivity}
10-23 15:46:10.906  1280  1312 I ActivityManager: Displayed com.android.todolist/.MainActivity: +1s824ms
10-23 15:46:10.906  1280  1312 D ActivityManager: EVENT_APP_ACTIVITY_DISPLAYED_FINISH reportData: com.android.todolist/.MainActivity 27627 1824
10-23 15:46:10.908   696   784 D AwareLog: iawared: WorkingsetProcessCommand subCmd = 351, userId=10244, pid=27627, com.android.todolist
10-23 15:46:10.909   696   784 D AwareLog: iawared: WorkingsetPause com.android.todolist
10-23 15:46:10.914  1280  1302 I StatusBarDisable: setFlags what=0 which=1 pkg=Window{443923c u0 com.android.todolist/com.android.todolist.MainActivity}
10-23 15:46:10.951  1280  1395 V WindowManager: Exit animation finished in Window{e57665b u0 Splash Screen com.android.todolist EXITING}: remove=true
10-23 15:46:10.951  1280  1395 E WindowManager: win=Window{e57665b u0 Splash Screen com.android.todolist EXITING} destroySurfaces: appStopped=false win.mWindowRemovalAllowed=true win.mRemoveOnExit=true
10-23 15:46:10.952  1280  1395 V WindowManager: postWindowRemoveCleanupLocked: Window{e57665b u0 Splash Screen com.android.todolist}
10-23 15:46:10.952  1280  1395 V WindowManager: Removing Window{e57665b u0 Splash Screen com.android.todolist} from AppWindowToken{ad68c6b token=Token{95645ba ActivityRecord{cece6e5 u0 com.android.todolist/.MainActivity t21628}}}
10-23 15:46:10.955  1280  1302 I StatusBarDisable: setFlags what=0 which=1 pkg=Window{443923c u0 com.android.todolist/com.android.todolist.MainActivity}
10-23 15:46:11.295  1280  1504 D HiDATA  : onForegroundAppWifiSleepChange: config:false, sleeptime:-1,type: -1, appname:com.android.todolist
10-23 15:46:11.296  1280  1504 D HiDATA  : APP type: -1 appName= com.android.todolist
10-23 15:46:11.296  1280  1504 D HiDATA  : no game, APP_TYPE_GAME, appName =com.android.todolist
10-23 15:46:12.911   696   784 D AwareLog: iawared: WorkingsetProcessCommand subCmd = 357, userId=10244, pid=27627, com.android.todolist
10-23 15:46:12.912   696   784 D AwareLog: iawared: WorkingsetPauseCollect com.android.todolist
10-23 15:46:13.966 27627 27627 I AwareAppScheduleManager: post cache drawable res id to aware, resId = 17302176, packagename = com.android.todolist, cost time = 14493750
10-23 15:46:14.172  1280  1302 I StatusBarDisable: setFlags what=0 which=1 pkg=Window{6387317 u0 com.android.todolist/com.android.todolist.MainActivity}
10-23 15:46:14.173  1280  6494 V WindowManager: addWindow: Window{6387317 u0 com.android.todolist/com.android.todolist.MainActivity}
10-23 15:46:14.196 27627 27678 D HiTouch_PressGestureDetector: onAttached, package=com.android.todolist, windowType=2, mHiTouchRestricted=false
10-23 15:46:14.244  1280  1302 I StatusBarDisable: setFlags what=0 which=1 pkg=Window{6387317 u0 com.android.todolist/com.android.todolist.MainActivity}
10-23 15:46:14.244  1280  8965 V WindowManager_visibility: updateAllDrawn Add AppWindowToken{ad68c6b token=Token{95645ba ActivityRecord{cece6e5 u0 com.android.todolist/.MainActivity t21628}}}
10-23 15:46:14.245  1280  8965 V WindowManager_visibility: updateAllDrawn allDrawn=false interesting=1 drawn=1 relaunchCount=0 for AppWindowToken{ad68c6b token=Token{95645ba ActivityRecord{cece6e5 u0 com.android.todolist/.MainActivity t21628}}}
10-23 15:46:14.249  1280  1302 I StatusBarDisable: setFlags what=0 which=1 pkg=Window{6387317 u0 com.android.todolist/com.android.todolist.MainActivity}
10-23 15:46:14.261   604   604 D SurfaceFlinger: duplicate layer name: changing com.android.todolist/com.android.todolist.MainActivity to com.android.todolist/com.android.todolist.MainActivity#1
10-23 15:46:14.363  1280  1395 V WindowManager_visibility: updateAllDrawn Add AppWindowToken{ad68c6b token=Token{95645ba ActivityRecord{cece6e5 u0 com.android.todolist/.MainActivity t21628}}}
10-23 15:46:14.363  1280  1302 I StatusBarDisable: setFlags what=0 which=1 pkg=Window{6387317 u0 com.android.todolist/com.android.todolist.MainActivity}
10-23 15:46:14.367  1280  1395 V WindowManager_visibility: updateAllDrawn allDrawn=false interesting=2 drawn=2 relaunchCount=0 for AppWindowToken{ad68c6b token=Token{95645ba ActivityRecord{cece6e5 u0 com.android.todolist/.MainActivity t21628}}}
10-23 15:46:14.373  1280  1302 I StatusBarDisable: setFlags what=0 which=1 pkg=Window{6387317 u0 com.android.tod